// Jest Snapshot v1, https://goo.gl/fbAQLP

exports[`Pruebas en <Navbar/> Debe de mostrar correctamente 1`] = `
<nav
  className="bg-blue-500 p-5 shadow-lg text-white text-xl"
>
  <div
    className="container mx-auto flex flex-col md:flex-row items-center  gap-5 "
  >
    <a
      className="navbar-brand"
      href="/"
      onClick={[Function]}
    >
      Asociaciones
    </a>
    <div
      className="flex flex-col md:flex-row gap-5 items-center"
    >
      <a
        className="hover:bg-blue-600 py-2 px-3 hover:px-3 hover:py-2 hover:rounded-lg text-center "
        href="/marvel"
        onClick={[Function]}
      >
        Marvel
      </a>
      <a
        className="hover:bg-blue-600 py-2 px-3 hover:px-3 hover:py-2 hover:rounded-lg text-center "
        href="/dc"
        onClick={[Function]}
      >
        DC
      </a>
      <a
        className="hover:bg-blue-600 py-2 px-3 hover:px-3 hover:py-2 hover:rounded-lg text-center "
        href="/search"
        onClick={[Function]}
      >
        Buscar
      </a>
    </div>
    <div
      className="flex gap-2 md:justify-end md:w-full"
    >
      <ul
        className="flex items-center gap-5"
      >
        <span
          className="font-semibold"
        >
          Bienvenido 
          Pedro
        </span>
        <button
          className="hover:bg-blue-600 py-2 px-3 hover:px-3 hover:py-2 hover:rounded-lg"
          onClick={[Function]}
        >
          <i
            className="fa-solid fa-right-from-bracket"
          />
        </button>
      </ul>
    </div>
  </div>
</nav>
`;
